
   FAIL  Tests\Feature\QA\FinancialIntegrityTest
  Ô¿» complete business flow integrity                                                         14.50s  
  Ô£ô nocturnal records fall into correct business date                                         0.11s  
  ÔöÇÔöÇÔöÇÔöÇÔöÇÔöÇÔöÇÔöÇÔöÇÔöÇÔöÇÔöÇÔöÇÔöÇÔöÇÔöÇÔöÇÔöÇÔöÇÔöÇÔöÇÔöÇÔöÇÔöÇÔöÇÔöÇÔöÇÔöÇÔöÇÔöÇÔöÇÔöÇÔöÇÔöÇÔöÇÔöÇÔöÇÔöÇÔöÇÔöÇÔöÇÔöÇÔöÇÔöÇÔöÇÔöÇÔöÇÔöÇÔöÇÔöÇÔöÇÔöÇÔöÇÔöÇÔöÇÔöÇÔöÇÔöÇÔöÇÔöÇÔöÇÔöÇÔöÇÔöÇÔöÇÔöÇÔöÇÔöÇÔöÇÔöÇÔöÇÔöÇÔöÇÔöÇÔöÇÔöÇÔöÇÔöÇÔöÇÔöÇÔöÇÔöÇÔöÇÔöÇÔöÇÔöÇÔöÇÔöÇÔöÇÔöÇÔöÇÔöÇÔöÇÔöÇÔöÇÔöÇÔöÇ  
   FAILED  Tests\Feature\QA\FinancialIntegrityTest > complete business flow integrity                
  Expected response status code [>=200, <300] but received 500.
Failed asserting that false is true.

The following exception occurred during the last request:

ErrorException: Undefined array key "payment_reference" in C:\Program Files\Proyectos\controlCD-MARANDCONSULTORES\controlcd-api\app\Services\PaymentService.php:227
Stack trace:
#0 C:\Program Files\Proyectos\controlCD-MARANDCONSULTORES\controlcd-api\vendor\laravel\framework\src\Illuminate\Foundation\Bootstrap\HandleExceptions.php(258): Illuminate\Foundation\Bootstrap\HandleExceptions->handleError(2, 'Undefined array...', 'C:\\Program File...', 227)
#1 C:\Program Files\Proyectos\controlCD-MARANDCONSULTORES\controlcd-api\app\Services\PaymentService.php(227): Illuminate\Foundation\Bootstrap\HandleExceptions->Illuminate\Foundation\Bootstrap\{closure}(2, 'Undefined array...', 'C:\\Program File...', 227)
#2 C:\Program Files\Proyectos\controlCD-MARANDCONSULTORES\controlcd-api\app\Http\Controllers\PaymentController.php(27): App\Services\PaymentService->create(Object(App\Http\Requests\Payment\PaymentRequest))
#3 C:\Program Files\Proyectos\controlCD-MARANDCONSULTORES\controlcd-api\vendor\laravel\framework\src\Illuminate\Routing\Controller.php(54): App\Http\Controllers\PaymentController->create(Object(App\Http\Requests\Payment\PaymentRequest))
#4 C:\Program Files\Proyectos\controlCD-MARANDCONSULTORES\controlcd-api\vendor\laravel\framework\src\Illuminate\Routing\ControllerDispatcher.php(44): Illuminate\Routing\Controller->callAction('create', Array)
#5 C:\Program Files\Proyectos\controlCD-MARANDCONSULTORES\controlcd-api\vendor\laravel\framework\src\Illuminate\Routing\Route.php(266): Illuminate\Routing\ControllerDispatcher->dispatch(Object(Illuminate\Routing\Route), Object(App\Http\Controllers\PaymentController), 'create')
#6 C:\Program Files\Proyectos\controlCD-MARANDCONSULTORES\controlcd-api\vendor\laravel\framework\src\Illuminate\Routing\Route.php(212): Illuminate\Routing\Route->runController()
#7 C:\Program Files\Proyectos\controlCD-MARANDCONSULTORES\controlcd-api\vendor\laravel\framework\src\Illuminate\Routing\Router.php(808): Illuminate\Routing\Route->run()
#8 C:\Program Files\Proyectos\controlCD-MARANDCONSULTORES\controlcd-api\vendor\laravel\framework\src\Illuminate\Pipeline\Pipeline.php(170): Illuminate\Routing\Router->Illuminate\Routing\{closure}(Object(Illuminate\Http\Request))
#9 C:\Program Files\Proyectos\controlCD-MARANDCONSULTORES\controlcd-api\vendor\laravel\framework\src\Illuminate\Routing\Middleware\SubstituteBindings.php(51): Illuminate\Pipeline\Pipeline->Illuminate\Pipeline\{closure}(Object(Illuminate\Http\Request))
#10 C:\Program Files\Proyectos\controlCD-MARANDCONSULTORES\controlcd-api\vendor\laravel\framework\src\Illuminate\Pipeline\Pipeline.php(209): Illuminate\Routing\Middleware\SubstituteBindings->handle(Object(Illuminate\Http\Request), Object(Closure))
#11 C:\Program Files\Proyectos\controlCD-MARANDCONSULTORES\controlcd-api\vendor\laravel\framework\src\Illuminate\Auth\Middleware\Authenticate.php(64): Illuminate\Pipeline\Pipeline->Illuminate\Pipeline\{closure}(Object(Illuminate\Http\Request))
#12 C:\Program Files\Proyectos\controlCD-MARANDCONSULTORES\controlcd-api\vendor\laravel\framework\src\Illuminate\Pipeline\Pipeline.php(209): Illuminate\Auth\Middleware\Authenticate->handle(Object(Illuminate\Http\Request), Object(Closure), 'api')
#13 C:\Program Files\Proyectos\controlCD-MARANDCONSULTORES\controlcd-api\vendor\laravel\sanctum\src\Http\Middleware\EnsureFrontendRequestsAreStateful.php(26): Illuminate\Pipeline\Pipeline->Illuminate\Pipeline\{closure}(Object(Illuminate\Http\Request))
#14 C:\Program Files\Proyectos\controlCD-MARANDCONSULTORES\controlcd-api\vendor\laravel\framework\src\Illuminate\Pipeline\Pipeline.php(170): Laravel\Sanctum\Http\Middleware\EnsureFrontendRequestsAreStateful->Laravel\Sanctum\Http\Middleware\{closure}(Object(Illuminate\Http\Request))
#15 C:\Program Files\Proyectos\controlCD-MARANDCONSULTORES\controlcd-api\vendor\laravel\framework\src\Illuminate\Pipeline\Pipeline.php(127): Illuminate\Pipeline\Pipeline->Illuminate\Pipeline\{closure}(Object(Illuminate\Http\Request))
#16 C:\Program Files\Proyectos\controlCD-MARANDCONSULTORES\controlcd-api\vendor\laravel\sanctum\src\Http\Middleware\EnsureFrontendRequestsAreStateful.php(25): Illuminate\Pipeline\Pipeline->then(Object(Closure))
#17 C:\Program Files\Proyectos\controlCD-MARANDCONSULTORES\controlcd-api\vendor\laravel\framework\src\Illuminate\Pipeline\Pipeline.php(209): Laravel\Sanctum\Http\Middleware\EnsureFrontendRequestsAreStateful->handle(Object(Illuminate\Http\Request), Object(Closure))
#18 C:\Program Files\Proyectos\controlCD-MARANDCONSULTORES\controlcd-api\vendor\laravel\framework\src\Illuminate\Pipeline\Pipeline.php(127): Illuminate\Pipeline\Pipeline->Illuminate\Pipeline\{closure}(Object(Illuminate\Http\Request))
#19 C:\Program Files\Proyectos\controlCD-MARANDCONSULTORES\controlcd-api\vendor\laravel\framework\src\Illuminate\Routing\Router.php(807): Illuminate\Pipeline\Pipeline->then(Object(Closure))
#20 C:\Program Files\Proyectos\controlCD-MARANDCONSULTORES\controlcd-api\vendor\laravel\framework\src\Illuminate\Routing\Router.php(786): Illuminate\Routing\Router->runRouteWithinStack(Object(Illuminate\Routing\Route), Object(Illuminate\Http\Request))
#21 C:\Program Files\Proyectos\controlCD-MARANDCONSULTORES\controlcd-api\vendor\laravel\framework\src\Illuminate\Routing\Router.php(750): Illuminate\Routing\Router->runRoute(Object(Illuminate\Http\Request), Object(Illuminate\Routing\Route))
#22 C:\Program Files\Proyectos\controlCD-MARANDCONSULTORES\controlcd-api\vendor\laravel\framework\src\Illuminate\Routing\Router.php(739): Illuminate\Routing\Router->dispatchToRoute(Object(Illuminate\Http\Request))
#23 C:\Program Files\Proyectos\controlCD-MARANDCONSULTORES\controlcd-api\vendor\laravel\framework\src\Illuminate\Foundation\Http\Kernel.php(201): Illuminate\Routing\Router->dispatch(Object(Illuminate\Http\Request))
#24 C:\Program Files\Proyectos\controlCD-MARANDCONSULTORES\controlcd-api\vendor\laravel\framework\src\Illuminate\Pipeline\Pipeline.php(170): Illuminate\Foundation\Http\Kernel->Illuminate\Foundation\Http\{closure}(Object(Illuminate\Http\Request))
#25 C:\Program Files\Proyectos\controlCD-MARANDCONSULTORES\controlcd-api\vendor\laravel\framework\src\Illuminate\Foundation\Http\Middleware\TransformsRequest.php(21): Illuminate\Pipeline\Pipeline->Illuminate\Pipeline\{closure}(Object(Illuminate\Http\Request))
#26 C:\Program Files\Proyectos\controlCD-MARANDCONSULTORES\controlcd-api\vendor\laravel\framework\src\Illuminate\Foundation\Http\Middleware\ConvertEmptyStringsToNull.php(31): Illuminate\Foundation\Http\Middleware\TransformsRequest->handle(Object(Illuminate\Http\Request), Object(Closure))
#27 C:\Program Files\Proyectos\controlCD-MARANDCONSULTORES\controlcd-api\vendor\laravel\framework\src\Illuminate\Pipeline\Pipeline.php(209): Illuminate\Foundation\Http\Middleware\ConvertEmptyStringsToNull->handle(Object(Illuminate\Http\Request), Object(Closure))
#28 C:\Program Files\Proyectos\controlCD-MARANDCONSULTORES\controlcd-api\vendor\laravel\framework\src\Illuminate\Foundation\Http\Middleware\TransformsRequest.php(21): Illuminate\Pipeline\Pipeline->Illuminate\Pipeline\{closure}(Object(Illuminate\Http\Request))
#29 C:\Program Files\Proyectos\controlCD-MARANDCONSULTORES\controlcd-api\vendor\laravel\framework\src\Illuminate\Foundation\Http\Middleware\TrimStrings.php(51): Illuminate\Foundation\Http\Middleware\TransformsRequest->handle(Object(Illuminate\Http\Request), Object(Closure))
#30 C:\Program Files\Proyectos\controlCD-MARANDCONSULTORES\controlcd-api\vendor\laravel\framework\src\Illuminate\Pipeline\Pipeline.php(209): Illuminate\Foundation\Http\Middleware\TrimStrings->handle(Object(Illuminate\Http\Request), Object(Closure))
#31 C:\Program Files\Proyectos\controlCD-MARANDCONSULTORES\controlcd-api\vendor\laravel\framework\src\Illuminate\Http\Middleware\ValidatePostSize.php(27): Illuminate\Pipeline\Pipeline->Illuminate\Pipeline\{closure}(Object(Illuminate\Http\Request))
#32 C:\Program Files\Proyectos\controlCD-MARANDCONSULTORES\controlcd-api\vendor\laravel\framework\src\Illuminate\Pipeline\Pipeline.php(209): Illuminate\Http\Middleware\ValidatePostSize->handle(Object(Illuminate\Http\Request), Object(Closure))
#33 C:\Program Files\Proyectos\controlCD-MARANDCONSULTORES\controlcd-api\vendor\laravel\framework\src\Illuminate\Foundation\Http\Middleware\PreventRequestsDuringMaintenance.php(110): Illuminate\Pipeline\Pipeline->Illuminate\Pipeline\{closure}(Object(Illuminate\Http\Request))
#34 C:\Program Files\Proyectos\controlCD-MARANDCONSULTORES\controlcd-api\vendor\laravel\framework\src\Illuminate\Pipeline\Pipeline.php(209): Illuminate\Foundation\Http\Middleware\PreventRequestsDuringMaintenance->handle(Object(Illuminate\Http\Request), Object(Closure))
#35 C:\Program Files\Proyectos\controlCD-MARANDCONSULTORES\controlcd-api\vendor\laravel\framework\src\Illuminate\Http\Middleware\HandleCors.php(62): Illuminate\Pipeline\Pipeline->Illuminate\Pipeline\{closure}(Object(Illuminate\Http\Request))
#36 C:\Program Files\Proyectos\controlCD-MARANDCONSULTORES\controlcd-api\vendor\laravel\framework\src\Illuminate\Pipeline\Pipeline.php(209): Illuminate\Http\Middleware\HandleCors->handle(Object(Illuminate\Http\Request), Object(Closure))
#37 C:\Program Files\Proyectos\controlCD-MARANDCONSULTORES\controlcd-api\vendor\laravel\framework\src\Illuminate\Http\Middleware\TrustProxies.php(58): Illuminate\Pipeline\Pipeline->Illuminate\Pipeline\{closure}(Object(Illuminate\Http\Request))
#38 C:\Program Files\Proyectos\controlCD-MARANDCONSULTORES\controlcd-api\vendor\laravel\framework\src\Illuminate\Pipeline\Pipeline.php(209): Illuminate\Http\Middleware\TrustProxies->handle(Object(Illuminate\Http\Request), Object(Closure))
#39 C:\Program Files\Proyectos\controlCD-MARANDCONSULTORES\controlcd-api\vendor\laravel\framework\src\Illuminate\Foundation\Http\Middleware\InvokeDeferredCallbacks.php(22): Illuminate\Pipeline\Pipeline->Illuminate\Pipeline\{closure}(Object(Illuminate\Http\Request))
#40 C:\Program Files\Proyectos\controlCD-MARANDCONSULTORES\controlcd-api\vendor\laravel\framework\src\Illuminate\Pipeline\Pipeline.php(209): Illuminate\Foundation\Http\Middleware\InvokeDeferredCallbacks->handle(Object(Illuminate\Http\Request), Object(Closure))
#41 C:\Program Files\Proyectos\controlCD-MARANDCONSULTORES\controlcd-api\vendor\laravel\framework\src\Illuminate\Pipeline\Pipeline.php(127): Illuminate\Pipeline\Pipeline->Illuminate\Pipeline\{closure}(Object(Illuminate\Http\Request))
#42 C:\Program Files\Proyectos\controlCD-MARANDCONSULTORES\controlcd-api\vendor\laravel\framework\src\Illuminate\Foundation\Http\Kernel.php(176): Illuminate\Pipeline\Pipeline->then(Object(Closure))
#43 C:\Program Files\Proyectos\controlCD-MARANDCONSULTORES\controlcd-api\vendor\laravel\framework\src\Illuminate\Foundation\Http\Kernel.php(145): Illuminate\Foundation\Http\Kernel->sendRequestThroughRouter(Object(Illuminate\Http\Request))
#44 C:\Program Files\Proyectos\controlCD-MARANDCONSULTORES\controlcd-api\vendor\laravel\framework\src\Illuminate\Foundation\Testing\Concerns\MakesHttpRequests.php(607): Illuminate\Foundation\Http\Kernel->handle(Object(Illuminate\Http\Request))
#45 C:\Program Files\Proyectos\controlCD-MARANDCONSULTORES\controlcd-api\vendor\laravel\framework\src\Illuminate\Foundation\Testing\Concerns\MakesHttpRequests.php(573): Illuminate\Foundation\Testing\TestCase->call('POST', '/api/payment/cr...', Array, Array, Array, Array, '{"credit_id":1,...')
#46 C:\Program Files\Proyectos\controlCD-MARANDCONSULTORES\controlcd-api\vendor\laravel\framework\src\Illuminate\Foundation\Testing\Concerns\MakesHttpRequests.php(411): Illuminate\Foundation\Testing\TestCase->json('POST', '/api/payment/cr...', Array, Array, 0)
#47 C:\Program Files\Proyectos\controlCD-MARANDCONSULTORES\controlcd-api\tests\Feature\QA\FinancialIntegrityTest.php(152): Illuminate\Foundation\Testing\TestCase->postJson('/api/payment/cr...', Array)
#48 C:\Program Files\Proyectos\controlCD-MARANDCONSULTORES\controlcd-api\vendor\phpunit\phpunit\src\Framework\TestCase.php(1657): Tests\Feature\QA\FinancialIntegrityTest->test_complete_business_flow_integrity()
#49 C:\Program Files\Proyectos\controlCD-MARANDCONSULTORES\controlcd-api\vendor\phpunit\phpunit\src\Framework\TestCase.php(515): PHPUnit\Framework\TestCase->runTest()
#50 C:\Program Files\Proyectos\controlCD-MARANDCONSULTORES\controlcd-api\vendor\phpunit\phpunit\src\Framework\TestRunner\TestRunner.php(87): PHPUnit\Framework\TestCase->runBare()
#51 C:\Program Files\Proyectos\controlCD-MARANDCONSULTORES\controlcd-api\vendor\phpunit\phpunit\src\Framework\TestCase.php(361): PHPUnit\Framework\TestRunner->run(Object(Tests\Feature\QA\FinancialIntegrityTest))
#52 C:\Program Files\Proyectos\controlCD-MARANDCONSULTORES\controlcd-api\vendor\phpunit\phpunit\src\Framework\TestSuite.php(369): PHPUnit\Framework\TestCase->run()
#53 C:\Program Files\Proyectos\controlCD-MARANDCONSULTORES\controlcd-api\vendor\phpunit\phpunit\src\TextUI\TestRunner.php(64): PHPUnit\Framework\TestSuite->run()
#54 C:\Program Files\Proyectos\controlCD-MARANDCONSULTORES\controlcd-api\vendor\phpunit\phpunit\src\TextUI\Application.php(211): PHPUnit\TextUI\TestRunner->run(Object(PHPUnit\TextUI\Configuration\Configuration), Object(PHPUnit\Runner\ResultCache\DefaultResultCache), Object(PHPUnit\Framework\TestSuite))
#55 C:\Program Files\Proyectos\controlCD-MARANDCONSULTORES\controlcd-api\vendor\phpunit\phpunit\phpunit(104): PHPUnit\TextUI\Application->run(Array)
#56 {main}

----------------------------------------------------------------------------------

Undefined array key "payment_reference"

  at tests\Feature\QA\FinancialIntegrityTest.php:153
    149Ôûò             'client_timezone' => $this->timezone
    150Ôûò         ];
    151Ôûò 
    152Ôûò         $response = $this->actingAs($this->sellerUser, 'api')->postJson('/api/payment/create', $paymentData);
  Ô×£ 153Ôûò         $response->assertSuccessful();
    154Ôûò 
    155Ôûò         // E. Verify Liquidation
    156Ôûò         // Calculation: 
    157Ôûò         // Credits Disbursed: -1000


  Tests:    1 failed, 1 passed (8 assertions)
  Duration: 14.76s

